[2025-12-05 08:40:58] VIOLATION: Protected range modified in SAMPLE.md
  Lines: 1, 2, 4, 5
  Reason: No reason specified
[2025-12-05 08:40:58] ERROR in /home/tkcd/ex_prog/ex_rust/guard/SAMPLE.md: git restore failed
[2025-12-05 08:41:08] VIOLATION: Protected range modified in SAMPLE.md
  Lines: 1, 2, 4, 5
  Reason: No reason specified
[2025-12-05 08:41:08] ERROR in /home/tkcd/ex_prog/ex_rust/guard/SAMPLE.md: git restore failed
[2025-12-05 08:41:08] VIOLATION: Protected range modified in SAMPLE.md
  Lines: 1, 2, 4, 5
  Reason: No reason specified
[2025-12-05 08:41:08] ERROR in /home/tkcd/ex_prog/ex_rust/guard/SAMPLE.md: git restore failed
[2025-12-05 08:41:08] VIOLATION: Protected range modified in SAMPLE.md
  Lines: 1, 2, 4, 5
  Reason: No reason specified
[2025-12-05 08:41:08] ERROR in /home/tkcd/ex_prog/ex_rust/guard/SAMPLE.md: git restore failed
[2025-12-05 08:41:08] VIOLATION: Protected range modified in SAMPLE.md
  Lines: 1, 2, 4, 5
  Reason: No reason specified
[2025-12-05 08:41:08] ERROR in /home/tkcd/ex_prog/ex_rust/guard/SAMPLE.md: git restore failed
[2025-12-05 08:42:03] VIOLATION: Protected range modified in SAMPLE.md
  Lines: 1, 2, 4, 5
  Reason: No reason specified
[2025-12-05 08:42:03] ERROR in /home/tkcd/ex_prog/ex_rust/guard/SAMPLE.md: git restore failed
[2025-12-05 08:42:03] VIOLATION: Protected range modified in SAMPLE.md
  Lines: 1, 2, 4, 5
  Reason: No reason specified
[2025-12-05 08:42:03] ERROR in /home/tkcd/ex_prog/ex_rust/guard/SAMPLE.md: git restore failed
[2025-12-06 01:05:00] VIOLATION: Protected range modified in SAMPLE.md
  Lines: 1, 2, 4, 5
  Reason: No reason specified
[2025-12-06 01:05:00] ERROR in /home/tkcd/ex_prog/ex_rust/guard/SAMPLE.md: git restore failed
[2025-12-06 01:05:00] VIOLATION: Protected range modified in SAMPLE.md
  Lines: 1, 2, 4, 5
  Reason: No reason specified
[2025-12-06 01:05:00] ERROR in /home/tkcd/ex_prog/ex_rust/guard/SAMPLE.md: git restore failed
[2025-12-06 01:06:34] VIOLATION: Protected range modified in SAMPLE.md
  Lines: 1, 2, 4, 5
  Reason: No reason specified
[2025-12-06 01:06:34] ERROR in /home/tkcd/ex_prog/ex_rust/guard/SAMPLE.md: Strict mode: Exiting due to violation
[2025-12-06 01:06:34] VIOLATION: Protected range modified in SAMPLE.md
  Lines: 1, 2, 4, 5
  Reason: No reason specified
[2025-12-06 01:06:34] ERROR in /home/tkcd/ex_prog/ex_rust/guard/SAMPLE.md: Strict mode: Exiting due to violation
[2025-12-06 01:06:34] VIOLATION: Protected range modified in SAMPLE.md
  Lines: 1, 2, 4, 5
  Reason: No reason specified
[2025-12-06 01:06:34] ERROR in /home/tkcd/ex_prog/ex_rust/guard/SAMPLE.md: Strict mode: Exiting due to violation
[2025-12-06 01:07:10] VIOLATION: Protected range modified in SAMPLE.md
  Lines: 1, 2, 4, 5
  Reason: No reason specified
[2025-12-06 01:07:10] ERROR in /home/tkcd/ex_prog/ex_rust/guard/SAMPLE.md: Strict mode: Exiting due to violation
[2025-12-06 01:07:10] VIOLATION: Protected range modified in SAMPLE.md
  Lines: 1, 2, 4, 5
  Reason: No reason specified
[2025-12-06 01:07:10] ERROR in /home/tkcd/ex_prog/ex_rust/guard/SAMPLE.md: Strict mode: Exiting due to violation
